// Jest Snapshot v1, https://goo.gl/fbAQLP

exports[`renders JoinDiscussionSVG correctly 1`] = `
.c0 path {
  fill: #035ccd;
}

<svg
  className="c0"
  viewBox="0 0 54 54"
  xmlns="http://www.w3.org/2000/svg"
>
  <g
    fillRule="evenodd"
    stroke="none"
    strokeWidth="1"
  >
    <g
      transform="translate(2.5 2.5)"
    >
      <path
        d="M41.492 31.944c0 7.674-6.215 13.89-13.889 13.89a13.84 13.84 0 01-12.847-8.716l-5.26-13.212c-.538-1.371.746-2.743 2.153-2.291l1.371.451a3.484 3.484 0 012.153 2.014l2.222 5.573a.856.856 0 00.799.555h.729V9.81a2.17 2.17 0 014.34 0v14.323a.86.86 0 00.868.868.86.86 0 00.868-.868V6.337a2.17 2.17 0 014.34 0v17.795a.86.86 0 00.869.868.86.86 0 00.868-.868V8.94a2.17 2.17 0 014.34 0v15.19a.86.86 0 00.868.869.86.86 0 00.868-.868v-9.983a2.17 2.17 0 014.34 0v17.795z"
        fillRule="nonzero"
      />
    </g>
  </g>
</svg>
`;
