// Jest Snapshot v1, https://goo.gl/fbAQLP

exports[`<MarkdownImageProgressToast /> displays progression 1`] = `
<div>
  <div
    class="StyledGrommet-sc-19lkkz7-0 bglOOo"
  >
    <div
      style="position: fixed; z-index: 9999; top: 16px; left: 16px; right: 16px; bottom: 16px; pointer-events: none;"
    />
    <div
      data-testid="test-component-container"
    >
      <div
        class="StyledBox-sc-13pk1d4-0 QcCYf"
      >
        <span
          class="StyledText-sc-1sadyjn-0 lhOBjf"
        >
          some-file.test
        </span>
        <div
          class="StyledBox__StyledBoxGap-sc-13pk1d4-1 ejkSNv"
        />
        <div
          class="StyledBox-sc-13pk1d4-0 hoFOaz"
        >
          <div
            class="StyledStack-sc-ajspsk-0 bkMvqh"
          >
            <div
              class="StyledStack__StyledStackLayer-sc-ajspsk-1 gLEcPM"
            >
              <svg
                class="StyledMeter-sc-nsxarx-0 fVMZrb"
                height="24"
                preserveAspectRatio="none"
                viewBox="0 0 384 24"
                width="384"
              >
                <path
                  d="M 0,12 L 384,12"
                  fill="none"
                  stroke="#eeeeef"
                  stroke-linecap="square"
                  stroke-opacity="0.4"
                  stroke-width="24"
                />
                <path
                  d="M 0,12 L 307.2,12"
                  fill="none"
                  stroke="#007bff"
                  stroke-linecap="butt"
                  stroke-width="24"
                />
              </svg>
            </div>
            <div
              class="StyledStack__StyledStackLayer-sc-ajspsk-1 kfgmlQ"
            >
              <span
                class="StyledText-sc-1sadyjn-0 hUfGMB"
              >
                80%
              </span>
            </div>
          </div>
        </div>
      </div>
    </div>
  </div>
</div>
`;
